------------------------------------------------------------
Timing Analyzer Summary
------------------------------------------------------------

Type  : Slow 1100mV 85C Model Setup 'clock'
Slack : -0.940
TNS   : -12.287

Type  : Slow 1100mV 85C Model Hold 'clock'
Slack : 0.333
TNS   : 0.000

Type  : Slow 1100mV 85C Model Recovery 'clock'
Slack : -0.163
TNS   : -1.272

Type  : Slow 1100mV 85C Model Removal 'clock'
Slack : 0.650
TNS   : 0.000

Type  : Slow 1100mV 85C Model Minimum Pulse Width 'clock'
Slack : -0.538
TNS   : -18.583

Type  : Slow 1100mV 0C Model Setup 'clock'
Slack : -0.829
TNS   : -12.203

Type  : Slow 1100mV 0C Model Hold 'clock'
Slack : 0.312
TNS   : 0.000

Type  : Slow 1100mV 0C Model Recovery 'clock'
Slack : -0.102
TNS   : -0.784

Type  : Slow 1100mV 0C Model Removal 'clock'
Slack : 0.621
TNS   : 0.000

Type  : Slow 1100mV 0C Model Minimum Pulse Width 'clock'
Slack : -0.538
TNS   : -19.569

Type  : Fast 1100mV 85C Model Setup 'clock'
Slack : 0.082
TNS   : 0.000

Type  : Fast 1100mV 85C Model Hold 'clock'
Slack : 0.178
TNS   : 0.000

Type  : Fast 1100mV 85C Model Recovery 'clock'
Slack : 0.474
TNS   : 0.000

Type  : Fast 1100mV 85C Model Removal 'clock'
Slack : 0.286
TNS   : 0.000

Type  : Fast 1100mV 85C Model Minimum Pulse Width 'clock'
Slack : -0.088
TNS   : -2.016

Type  : Fast 1100mV 0C Model Setup 'clock'
Slack : 0.175
TNS   : 0.000

Type  : Fast 1100mV 0C Model Hold 'clock'
Slack : 0.164
TNS   : 0.000

Type  : Fast 1100mV 0C Model Recovery 'clock'
Slack : 0.516
TNS   : 0.000

Type  : Fast 1100mV 0C Model Removal 'clock'
Slack : 0.261
TNS   : 0.000

Type  : Fast 1100mV 0C Model Minimum Pulse Width 'clock'
Slack : -0.090
TNS   : -2.083

------------------------------------------------------------
